// Jest Snapshot v1, https://goo.gl/fbAQLP

exports[`<SignInAndSignUp /> matches snapshot 1`] = `ShallowWrapper {}`;
