// Jest Snapshot v1, https://goo.gl/fbAQLP

exports[`<CustomButton /> matches snapshot 1`] = `ShallowWrapper {}`;
