// Jest Snapshot v1, https://goo.gl/fbAQLP

exports[`<MenuItem /> matches snapshot 1`] = `ShallowWrapper {}`;
