// Jest Snapshot v1, https://goo.gl/fbAQLP

exports[`<FormInput /> matches snapshot 1`] = `ShallowWrapper {}`;
