// Jest Snapshot v1, https://goo.gl/fbAQLP

exports[`<CollectionPreview /> matches snapshot 1`] = `ShallowWrapper {}`;
